[2026-07-23 07:26:39] TO: priya.nair@cie.edu | SUBJECT: Missing Activity Submission | MSG: Overdue Alert: You have not submitted "Assignment 1: UML Diagrams" for Software Engineering. | URL: /student/activities.php
[2026-07-23 07:26:41] TO: amit.singh@cie.edu | SUBJECT: Missing Activity Submission | MSG: Overdue Alert: You have not submitted "Assignment 1: UML Diagrams" for Software Engineering. | URL: /student/activities.php
[2026-07-23 07:26:43] TO: kavya.reddy@cie.edu | SUBJECT: Missing Activity Submission | MSG: Overdue Alert: You have not submitted "Assignment 1: UML Diagrams" for Software Engineering. | URL: /student/activities.php
[2026-07-23 07:26:45] TO: tanish@cie.edu | SUBJECT: Missing Activity Submission | MSG: Overdue Alert: You have not submitted "Assignment 1: UML Diagrams" for Software Engineering. | URL: /student/activities.php
[2026-07-23 07:26:47] TO: rahul.verma@cie.edu | SUBJECT: Missing Activity Submission | MSG: Overdue Alert: You have not submitted "Test 1: Mid Semester" for Software Engineering. | URL: /student/activities.php
[2026-07-23 07:26:50] TO: vikram.desai@cie.edu | SUBJECT: Missing Activity Submission | MSG: Overdue Alert: You have not submitted "Assignment 1: Filter Design" for Digital Signal Processing. | URL: /student/activities.php
[2026-07-23 07:28:35] TO: rahul.verma@cie.edu | SUBJECT: Activity Deadline Reminder | MSG: Reminder: "Test Assignment 99" is due by Jul 24, 2026. | URL: /student/activities.php
[2026-07-23 07:28:37] TO: rahul.verma@cie.edu | SUBJECT: Low Performance Alert | MSG: Alert: Your mark in "Test 1: Mid Semester" is 8.0/30.0 (26.7%). Please review performance. | URL: /student/activities.php
[2026-07-23 07:28:39] TO: rahul.verma@cie.edu | SUBJECT: Missing Activity Submission | MSG: Overdue Alert: You have not submitted "Quiz 1: SDLC Models" for CS501. | URL: /student/activities.php
[2026-07-23 07:28:41] TO: rahul.verma@cie.edu | SUBJECT: Password Changed Successfully | MSG: Your account password has been successfully updated. | URL: /student/profile.php
[2026-07-23 08:10:12] TO: rahul.verma@cie.edu | SUBJECT: Low Performance Alert | MSG: Alert: Your mark in "alsjfla" is 3.50/20 (17.5%). Please review your performance. | URL: /student/activities.php
[2026-07-23 08:10:14] TO: hod.cse@cie.edu | SUBJECT: Low Performance Alert | MSG: Low Performance Alert: Student Rahul Verma (1ZL21CS001) scored 3.50/20 in alsjfla. | URL: /hod/student_performance.php
[2026-07-23 08:10:16] TO: sneha.patil@cie.edu | SUBJECT: Low Performance Alert | MSG: Low Performance Alert: Student Rahul Verma (1ZL21CS001) scored 3.50/20 in alsjfla. | URL: /coordinator/class_performance.php
[2026-07-23 08:47:42] TO: rahul.verma@cie.edu | SUBJECT: Missing Activity Submission | MSG: Overdue Alert: You have not submitted "Assignment 1: UML Diagrams" for Software Engineering. | URL: /student/activities.php
[2026-07-23 08:47:44] TO: priya.nair@cie.edu | SUBJECT: Missing Activity Submission | MSG: Overdue Alert: You have not submitted "Assignment 1: UML Diagrams" for Software Engineering. | URL: /student/activities.php
[2026-07-23 08:47:46] TO: amit.singh@cie.edu | SUBJECT: Missing Activity Submission | MSG: Overdue Alert: You have not submitted "Assignment 1: UML Diagrams" for Software Engineering. | URL: /student/activities.php
[2026-07-23 08:47:48] TO: kavya.reddy@cie.edu | SUBJECT: Missing Activity Submission | MSG: Overdue Alert: You have not submitted "Assignment 1: UML Diagrams" for Software Engineering. | URL: /student/activities.php
[2026-07-23 08:47:50] TO: tanish@cie.edu | SUBJECT: Missing Activity Submission | MSG: Overdue Alert: You have not submitted "Assignment 1: UML Diagrams" for Software Engineering. | URL: /student/activities.php
[2026-07-23 08:47:52] TO: vikram.desai@cie.edu | SUBJECT: Missing Activity Submission | MSG: Overdue Alert: You have not submitted "Assignment 1: Filter Design" for Digital Signal Processing. | URL: /student/activities.php
[2026-07-23 08:53:56] TO: rahul.verma@cie.edu | SUBJECT: Activity Deadline Reminder | MSG: Reminder: "wQJDUYGKJDHSCGA" for Data Structures & Algorithms is due by Jul 24, 2026. | URL: /student/activities.php
[2026-07-23 08:53:58] TO: priya.nair@cie.edu | SUBJECT: Activity Deadline Reminder | MSG: Reminder: "wQJDUYGKJDHSCGA" for Data Structures & Algorithms is due by Jul 24, 2026. | URL: /student/activities.php
[2026-07-23 08:54:00] TO: amit.singh@cie.edu | SUBJECT: Activity Deadline Reminder | MSG: Reminder: "wQJDUYGKJDHSCGA" for Data Structures & Algorithms is due by Jul 24, 2026. | URL: /student/activities.php
[2026-07-23 08:54:02] TO: kavya.reddy@cie.edu | SUBJECT: Activity Deadline Reminder | MSG: Reminder: "wQJDUYGKJDHSCGA" for Data Structures & Algorithms is due by Jul 24, 2026. | URL: /student/activities.php
[2026-07-23 08:54:04] TO: tanish@cie.edu | SUBJECT: Activity Deadline Reminder | MSG: Reminder: "wQJDUYGKJDHSCGA" for Data Structures & Algorithms is due by Jul 24, 2026. | URL: /student/activities.php
[2026-07-23 08:55:43] TO: rahul.verma@cie.edu | SUBJECT: Low Performance Alert | MSG: Alert: Your mark in "wQJDUYGKJDHSCGA" is 1.00/20 (5.0%). Please review your performance. | URL: /student/activities.php
[2026-07-23 08:55:45] TO: hod.cse@cie.edu | SUBJECT: Low Performance Alert | MSG: Low Performance Alert: Student Rahul Verma (1ZL21CS001) scored 1.00/20 in wQJDUYGKJDHSCGA. | URL: /hod/student_performance.php
[2026-07-23 08:55:47] TO: sneha.patil@cie.edu | SUBJECT: Low Performance Alert | MSG: Low Performance Alert: Student Rahul Verma (1ZL21CS001) scored 1.00/20 in wQJDUYGKJDHSCGA. | URL: /coordinator/class_performance.php
